define i8 @src(i8 %a0) {
  %r = urem i8 %a0, 255
  ret i8 %r
}
